Aborting due to blocked shard localhost/table_a_3_blocked
