Aborting due to busy shard localhost/base_13_003_a
