localhost/base_13_000_a
localhost/base_13_000_b
localhost/base_13_001_a
localhost/base_13_001_b
localhost/base_13_002_a
localhost/base_13_002_b
localhost/base_13_003_a
localhost/base_13_003_b
localhost/base_13_004_a
localhost/base_13_004_b
localhost/base_13_005_a
localhost/base_13_005_b
localhost/base_13_006_a
localhost/base_13_006_b
localhost/base_13_007_a
localhost/base_13_007_b
localhost/base_13_008_a
localhost/base_13_008_b
localhost/base_13_009_a
localhost/base_13_009_b
