localhost/base_13_000_a	TestShard	ok
localhost/base_13_000_b	TestShard	ok
localhost/base_13_000_replicating	com.twitter.gizzard.shards.ReplicatingShard	ok
localhost/base_13_001_a	TestShard	ok
localhost/base_13_001_b	TestShard	ok
localhost/base_13_001_replicating	com.twitter.gizzard.shards.ReplicatingShard	ok
localhost/base_13_002_a	TestShard	ok
localhost/base_13_002_b	TestShard	ok
localhost/base_13_002_replicating	com.twitter.gizzard.shards.ReplicatingShard	ok
localhost/base_13_003_a	TestShard	ok
localhost/base_13_003_b	TestShard	ok
localhost/base_13_003_replicating	com.twitter.gizzard.shards.ReplicatingShard	ok
localhost/base_13_004_a	TestShard	ok
localhost/base_13_004_b	TestShard	ok
localhost/base_13_004_replicating	com.twitter.gizzard.shards.ReplicatingShard	ok
localhost/base_13_005_a	TestShard	ok
localhost/base_13_005_b	TestShard	ok
localhost/base_13_005_replicating	com.twitter.gizzard.shards.ReplicatingShard	ok
localhost/base_13_006_a	TestShard	ok
localhost/base_13_006_b	TestShard	ok
localhost/base_13_006_replicating	com.twitter.gizzard.shards.ReplicatingShard	ok
localhost/base_13_007_a	TestShard	ok
localhost/base_13_007_b	TestShard	ok
localhost/base_13_007_replicating	com.twitter.gizzard.shards.ReplicatingShard	ok
localhost/base_13_008_a	TestShard	ok
localhost/base_13_008_b	TestShard	ok
localhost/base_13_008_replicating	com.twitter.gizzard.shards.ReplicatingShard	ok
localhost/base_13_009_a	TestShard	ok
localhost/base_13_009_b	TestShard	ok
localhost/base_13_009_replicating	com.twitter.gizzard.shards.ReplicatingShard	ok
